---
source: crates/parse2/src/tests.rs
description: "x.y\n"
input_file: crates/parse2/test_data/parse/inline/ok/exp/0010_field_access.tip
---
FieldAccess(Id(Id("x")), Id("y"))
