---
source: crates/parse/src/tests.rs
description: "&1\n"
input_file: crates/parse/test_data/parse/inline/err/exp/0003_ref_exp_no_id.tip
---
ParseError: Can only take reference of id
