---
source: crates/parse/src/tests.rs
description: "return 1;\n"
input_file: crates/parse/test_data/parse/inline/ok/stm/0020_return.tip
---
Return(Int(1))
