---
source: crates/parse/src/tests.rs
description: "var x;\n"
input_file: crates/parse/test_data/parse/inline/err/exp/0004_non_exp.tip
---
ParseError: Expected expression
