---
source: crates/parse/src/tests.rs
description: "(1)\n"
input_file: crates/parse/test_data/parse/inline/ok/exp/0003_parenthesized.tip
---
Int(1)
