---
source: crates/parse2/src/tests.rs
description: "&x\n"
input_file: crates/parse2/test_data/parse/inline/ok/exp/0004_ref_exp.tip
---
Ref(Id("x"))
