---
source: crates/parse/src/tests.rs
description: "x = 1\n"
input_file: crates/parse/test_data/parse/inline/err/stm/0005_assign_no_semi.tip
---
ParseError: Expected Semi, found Eof
