---
source: crates/parse/src/tests.rs
description: "if 1 { a = 1; }\n"
input_file: crates/parse/test_data/parse/inline/ok/stm/0019_if.tip
---
If(Int(1), Block([
  Assign(Id("a"), Int(1)),
]), None)
