---
source: crates/parse2/src/tests.rs
description: "*&x + *alloc x\n"
input_file: crates/parse2/test_data/parse/inline/ok/exp/0009_prefix_exp.tip
---
BinOp(Deref(Ref(Id("x"))), Add, Deref(Alloc(Id(Id("x")))))
