---
source: crates/parse/src/tests.rs
description: "x.y = 1\n"
input_file: crates/parse/test_data/parse/inline/err/stm/0006_field_update_no_semi.tip
---
ParseError: Expected Semi, found Eof
