---
source: crates/parse/src/tests.rs
description: "return 1\n"
input_file: crates/parse/test_data/parse/inline/err/stm/0009_return_no_semi.tip
---
ParseError: Expected Semi, found Eof
