---
source: crates/parse/src/tests.rs
description: "x\n"
input_file: crates/parse/test_data/parse/inline/ok/exp/0007_id_exp.tip
---
Id(Id("x"))
